HTTP Proxy Server Test Log
============================

Author: PUNCH0519  
Date: 2025-03-30  
Testing Method: Using curl to request HTTP web resources through the local proxy server

---

🛠️ Issue Log (Resolved):
----------------------------------------
Error Message:
curl: (7) Failed to connect to localhost port 8080

Cause:
The proxy server was not running, so curl could not connect to port 8080.

Resolution Steps:
1. Opened a new terminal window  
2. Navigated to the project directory: `cd ~/Desktop/CNA`  
3. Started the proxy server: `python3 Proxy.py localhost 8080`  
4. Re-ran the curl command. The test passed successfully ✅

---

🧪 Test Command:
----------------------------------------
curl -iS http://localhost:8080/http://http.badssl.com/

---

📄 Curl Output Below:
----------------------------------------


HTTP/1.1 200 OK
Server: nginx/1.10.3 (Ubuntu)
Date: Mon, 31 Mar 2025 05:52:26 GMT
Content-Type: text/html
Content-Length: 483
Last-Modified: Tue, 25 Mar 2025 21:00:42 GMT
Connection: keep-alive
ETag: "67e3197a-1e3"
Cache-Control: no-store
Accept-Ranges: bytes

<!DOCTYPE html>
<html>
<head>
  <meta charset="utf-8">
  <meta name="viewport" content="width=device-width, initial-scale=1">
  <link rel="shortcut icon" href="/icons/favicon-red.ico"/>
  <link rel="apple-touch-icon" href="/icons/icon-red.png"/>
  <title>http.badssl.com</title>
  <link rel="stylesheet" href="/style.css">
  <style>body { background: red; }</style>
</head>
<body>
<div id="content">
  <h1 style="font-size: 8vw;">
    http.badssl.com
  </h1>
</div>

</body>
</html>
